// Vitest Snapshot v1, https://vitest.dev/guide/snapshot.html

exports[`ADMIN_NAV — non-admin gating > snapshot of role → accessible routes matrix 1`] = `
{
  "admin": [
    "/admin",
    "/admin/sales",
    "/admin/accounts",
    "/admin/analytics",
    "/admin/advertisements",
    "/admin/shop",
    "/admin/referrals",
    "/admin/advertisements/qr-ads",
    "/admin/lead-offers",
    "/admin/sales-reps",
    "/admin/businesses",
    "/admin/discover-businesses",
    "/admin/claims",
    "/admin/verifications",
    "/admin/type-suggestions",
    "/admin/service-suggestions",
    "/admin/service-suggestion-audit",
    "/admin/listings",
    "/admin/reports",
    "/admin/location-corrections",
    "/admin/parts",
    "/admin/dispatch",
    "/admin/education",
    "/admin/users",
    "/admin/staff-365",
    "/admin/pricing",
    "/admin/payments",
    "/admin/currencies",
    "/admin/performance",
    "/admin/alerts",
    "/admin/feature-flags",
    "/admin/diagnostics",
    "/admin/permissions",
    "/admin/sandbox",
  ],
  "advertising": [
    "/admin",
    "/admin/sales",
    "/admin/advertisements",
    "/admin/shop",
    "/admin/advertisements/qr-ads",
  ],
  "moderator": [
    "/admin",
    "/admin/advertisements/qr-ads",
    "/admin/businesses",
    "/admin/discover-businesses",
    "/admin/claims",
    "/admin/verifications",
    "/admin/listings",
    "/admin/reports",
    "/admin/location-corrections",
    "/admin/education",
  ],
  "sales": [
    "/admin",
    "/admin/sales",
    "/admin/accounts",
    "/admin/analytics",
    "/admin/advertisements",
    "/admin/shop",
    "/admin/referrals",
    "/admin/advertisements/qr-ads",
    "/admin/reports",
  ],
  "support": [
    "/admin",
    "/admin/sales",
    "/admin/accounts",
    "/admin/analytics",
    "/admin/advertisements/qr-ads",
    "/admin/listings",
    "/admin/reports",
    "/admin/dispatch",
  ],
}
`;
